Command line invocation:
    /Applications/Xcode.app/Contents/Developer/usr/bin/xcodebuild -scheme AirBender -destination platform=macOS

--- xcodebuild: WARNING: Using the first of multiple matching destinations:
{ platform:macOS, arch:arm64, id:00006040-001A11543620801C, name:My Mac }
{ platform:macOS, arch:x86_64, id:00006040-001A11543620801C, name:My Mac }
ComputePackagePrebuildTargetDependencyGraph

Prepare packages

CreateBuildRequest

SendProjectDescription

CreateBuildOperation

ComputeTargetDependencyGraph
note: Building targets in dependency order
note: Target dependency graph (2 targets)
    Target 'AirBender' in project 'AirBender'
        ➜ Explicit dependency on target 'com.airbender.helper' in project 'AirBender'
    Target 'com.airbender.helper' in project 'AirBender' (no dependencies)

GatherProvisioningInputs

CreateBuildDescription

ExecuteExternalTool /Applications/Xcode.app/Contents/Developer/Toolchains/XcodeDefault.xctoolchain/usr/bin/clang -v -E -dM -arch arm64 -isysroot /Applications/Xcode.app/Contents/Developer/Platforms/MacOSX.platform/Developer/SDKs/MacOSX26.5.sdk -x objective-c -c /dev/null

ExecuteExternalTool /Applications/Xcode.app/Contents/Developer/usr/bin/actool --version --output-format xml1

ExecuteExternalTool /Applications/Xcode.app/Contents/Developer/Toolchains/XcodeDefault.xctoolchain/usr/bin/clang -v -E -dM -isysroot /Applications/Xcode.app/Contents/Developer/Platforms/MacOSX.platform/Developer/SDKs/MacOSX26.5.sdk -x c -c /dev/null

ExecuteExternalTool /Applications/Xcode.app/Contents/Developer/Toolchains/XcodeDefault.xctoolchain/usr/bin/swiftc --version

ExecuteExternalTool /Applications/Xcode.app/Contents/Developer/Toolchains/XcodeDefault.xctoolchain/usr/bin/clang -v -E -dM -arch arm64 -isysroot /Applications/Xcode.app/Contents/Developer/Platforms/MacOSX.platform/Developer/SDKs/MacOSX26.5.sdk -x c -c /dev/null

ExecuteExternalTool /Applications/Xcode.app/Contents/Developer/Toolchains/XcodeDefault.xctoolchain/usr/bin/ld -version_details

Build description signature: 6c96f54909033b97de973204ab2d5c59
Build description path: /Users/johncrisantor/Library/Developer/Xcode/DerivedData/AirBender-cekjwgbyjhcnkbbmrqobjsjrqipl/Build/Intermediates.noindex/XCBuildData/6c96f54909033b97de973204ab2d5c59.xcbuilddata
ClangStatCache /Applications/Xcode.app/Contents/Developer/Toolchains/XcodeDefault.xctoolchain/usr/bin/clang-stat-cache /Applications/Xcode.app/Contents/Developer/Platforms/MacOSX.platform/Developer/SDKs/MacOSX26.5.sdk /Users/johncrisantor/Library/Developer/Xcode/DerivedData/SDKStatCaches.noindex/macosx26.5-25F70-e082c4a02f00227109f4ed75e425c832.sdkstatcache
    cd /Users/johncrisantor/Developer/airbender/AirBender.xcodeproj
    /Applications/Xcode.app/Contents/Developer/Toolchains/XcodeDefault.xctoolchain/usr/bin/clang-stat-cache /Applications/Xcode.app/Contents/Developer/Platforms/MacOSX.platform/Developer/SDKs/MacOSX26.5.sdk -o /Users/johncrisantor/Library/Developer/Xcode/DerivedData/SDKStatCaches.noindex/macosx26.5-25F70-e082c4a02f00227109f4ed75e425c832.sdkstatcache

ProcessInfoPlistFile /Users/johncrisantor/Library/Developer/Xcode/DerivedData/AirBender-cekjwgbyjhcnkbbmrqobjsjrqipl/Build/Intermediates.noindex/AirBender.build/Debug/com.airbender.helper.build/Objects-normal/arm64/Processed-Info.plist /Users/johncrisantor/Developer/airbender/com.airbender.helper/Info.plist (in target 'com.airbender.helper' from project 'AirBender')
    cd /Users/johncrisantor/Developer/airbender
    builtin-infoPlistUtility /Users/johncrisantor/Developer/airbender/com.airbender.helper/Info.plist -producttype com.apple.product-type.tool -expandbuildsettings -platform macosx -o /Users/johncrisantor/Library/Developer/Xcode/DerivedData/AirBender-cekjwgbyjhcnkbbmrqobjsjrqipl/Build/Intermediates.noindex/AirBender.build/Debug/com.airbender.helper.build/Objects-normal/arm64/Processed-Info.plist

GenerateAssetSymbols /Users/johncrisantor/Developer/airbender/AirBender.app/Assets.xcassets (in target 'AirBender' from project 'AirBender')
    cd /Users/johncrisantor/Developer/airbender
    /Applications/Xcode.app/Contents/Developer/usr/bin/actool /Users/johncrisantor/Developer/airbender/AirBender.app/Assets.xcassets --compile /Users/johncrisantor/Library/Developer/Xcode/DerivedData/AirBender-cekjwgbyjhcnkbbmrqobjsjrqipl/Build/Products/Debug/AirBender.app/Contents/Resources --output-format human-readable-text --notices --warnings --export-dependency-info /Users/johncrisantor/Library/Developer/Xcode/DerivedData/AirBender-cekjwgbyjhcnkbbmrqobjsjrqipl/Build/Intermediates.noindex/AirBender.build/Debug/AirBender.build/assetcatalog_dependencies --output-partial-info-plist /Users/johncrisantor/Library/Developer/Xcode/DerivedData/AirBender-cekjwgbyjhcnkbbmrqobjsjrqipl/Build/Intermediates.noindex/AirBender.build/Debug/AirBender.build/assetcatalog_generated_info.plist --app-icon AppIcon --enable-on-demand-resources NO --development-region en --target-device mac --minimum-deployment-target 14.0 --platform macosx --bundle-identifier com.airbender.app --generate-swift-asset-symbols /Users/johncrisantor/Library/Developer/Xcode/DerivedData/AirBender-cekjwgbyjhcnkbbmrqobjsjrqipl/Build/Intermediates.noindex/AirBender.build/Debug/AirBender.build/DerivedSources/GeneratedAssetSymbols.swift --generate-objc-asset-symbols /Users/johncrisantor/Library/Developer/Xcode/DerivedData/AirBender-cekjwgbyjhcnkbbmrqobjsjrqipl/Build/Intermediates.noindex/AirBender.build/Debug/AirBender.build/DerivedSources/GeneratedAssetSymbols.h --generate-asset-symbol-index /Users/johncrisantor/Library/Developer/Xcode/DerivedData/AirBender-cekjwgbyjhcnkbbmrqobjsjrqipl/Build/Intermediates.noindex/AirBender.build/Debug/AirBender.build/DerivedSources/GeneratedAssetSymbols-Index.plist
/* com.apple.actool.compilation-results */
/Users/johncrisantor/Library/Developer/Xcode/DerivedData/AirBender-cekjwgbyjhcnkbbmrqobjsjrqipl/Build/Intermediates.noindex/AirBender.build/Debug/AirBender.build/DerivedSources/GeneratedAssetSymbols-Index.plist
/Users/johncrisantor/Library/Developer/Xcode/DerivedData/AirBender-cekjwgbyjhcnkbbmrqobjsjrqipl/Build/Intermediates.noindex/AirBender.build/Debug/AirBender.build/DerivedSources/GeneratedAssetSymbols.h
/Users/johncrisantor/Library/Developer/Xcode/DerivedData/AirBender-cekjwgbyjhcnkbbmrqobjsjrqipl/Build/Intermediates.noindex/AirBender.build/Debug/AirBender.build/DerivedSources/GeneratedAssetSymbols.swift


CompileC /Users/johncrisantor/Library/Developer/Xcode/DerivedData/AirBender-cekjwgbyjhcnkbbmrqobjsjrqipl/Build/Intermediates.noindex/AirBender.build/Debug/com.airbender.helper.build/Objects-normal/arm64/SMCWrapperObjC.o /Users/johncrisantor/Developer/airbender/com.airbender.helper/SMCClient/SMCWrapperObjC.m normal arm64 objective-c com.apple.compilers.llvm.clang.1_0.compiler (in target 'com.airbender.helper' from project 'AirBender')
    cd /Users/johncrisantor/Developer/airbender
    
    Using response file: /Users/johncrisantor/Library/Developer/Xcode/DerivedData/AirBender-cekjwgbyjhcnkbbmrqobjsjrqipl/Build/Intermediates.noindex/AirBender.build/Debug/com.airbender.helper.build/Objects-normal/arm64/e6072d4f65d7061329687fe24e3d63a7-common-args.resp
    
    /Applications/Xcode.app/Contents/Developer/Toolchains/XcodeDefault.xctoolchain/usr/bin/clang -x objective-c -ivfsstatcache /Users/johncrisantor/Library/Developer/Xcode/DerivedData/SDKStatCaches.noindex/macosx26.5-25F70-e082c4a02f00227109f4ed75e425c832.sdkstatcache -target arm64-apple-macos14.0 -fmessage-length\=0 -fdiagnostics-show-note-include-stack -fmacro-backtrace-limit\=0 -fno-color-diagnostics -fmodules-prune-interval\=86400 -fmodules-prune-after\=345600 -fbuild-session-file\=/Users/johncrisantor/Library/Developer/Xcode/DerivedData/ModuleCache.noindex/Session.modulevalidation -fmodules-validate-once-per-build-session -Wnon-modular-include-in-framework-module -Werror\=non-modular-include-in-framework-module -Wno-trigraphs -Wno-missing-field-initializers -Wno-missing-prototypes -Werror\=return-type -Wdocumentation -Wunreachable-code -Wquoted-include-in-framework-header -Wno-implicit-atomic-properties -Werror\=deprecated-objc-isa-usage -Wno-objc-interface-ivars -Werror\=objc-root-class -Wno-arc-repeated-use-of-weak -Wimplicit-retain-self -Wduplicate-method-match -Wno-missing-braces -Wparentheses -Wswitch -Wunused-function -Wno-unused-label -Wno-unused-parameter -Wunused-variable -Wunused-value -Wempty-body -Wuninitialized -Wconditional-uninitialized -Wno-unknown-pragmas -Wno-shadow -Wno-four-char-constants -Wno-conversion -Wconstant-conversion -Wint-conversion -Wbool-conversion -Wenum-conversion -Wno-float-conversion -Wnon-literal-null-conversion -Wobjc-literal-conversion -Wshorten-64-to-32 -Wpointer-sign -Wno-newline-eof -Wno-selector -Wno-strict-selector-match -Wundeclared-selector -Wdeprecated-implementations -Wno-implicit-fallthrough -isysroot /Applications/Xcode.app/Contents/Developer/Platforms/MacOSX.platform/Developer/SDKs/MacOSX26.5.sdk -fstrict-aliasing -Wprotocol -Wdeprecated-declarations -Wno-sign-conversion -Winfinite-recursion -Wcomma -Wblock-capture-autoreleasing -Wstrict-prototypes -Wno-semicolon-before-method-body -Wunguarded-availability -index-store-path /Users/johncrisantor/Library/Developer/Xcode/DerivedData/AirBender-cekjwgbyjhcnkbbmrqobjsjrqipl/Index.noindex/DataStore @/Users/johncrisantor/Library/Developer/Xcode/DerivedData/AirBender-cekjwgbyjhcnkbbmrqobjsjrqipl/Build/Intermediates.noindex/AirBender.build/Debug/com.airbender.helper.build/Objects-normal/arm64/e6072d4f65d7061329687fe24e3d63a7-common-args.resp -MMD -MT dependencies -MF /Users/johncrisantor/Library/Developer/Xcode/DerivedData/AirBender-cekjwgbyjhcnkbbmrqobjsjrqipl/Build/Intermediates.noindex/AirBender.build/Debug/com.airbender.helper.build/Objects-normal/arm64/SMCWrapperObjC.d --serialize-diagnostics /Users/johncrisantor/Library/Developer/Xcode/DerivedData/AirBender-cekjwgbyjhcnkbbmrqobjsjrqipl/Build/Intermediates.noindex/AirBender.build/Debug/com.airbender.helper.build/Objects-normal/arm64/SMCWrapperObjC.dia -c /Users/johncrisantor/Developer/airbender/com.airbender.helper/SMCClient/SMCWrapperObjC.m -o /Users/johncrisantor/Library/Developer/Xcode/DerivedData/AirBender-cekjwgbyjhcnkbbmrqobjsjrqipl/Build/Intermediates.noindex/AirBender.build/Debug/com.airbender.helper.build/Objects-normal/arm64/SMCWrapperObjC.o -index-unit-output-path /AirBender.build/Debug/com.airbender.helper.build/Objects-normal/arm64/SMCWrapperObjC.o
/Users/johncrisantor/Developer/airbender/com.airbender.helper/SMCClient/SMCWrapperObjC.m:71:18: error: no member named 'dataSize' in 'SMCVal_t'
   71 |         writeVal.dataSize = 4;
      |         ~~~~~~~~ ^
/Users/johncrisantor/Developer/airbender/com.airbender.helper/SMCClient/SMCWrapperObjC.m:77:18: error: no member named 'dataSize' in 'SMCVal_t'
   77 |         writeVal.dataSize = 2;
      |         ~~~~~~~~ ^
/Users/johncrisantor/Developer/airbender/com.airbender.helper/SMCClient/SMCWrapperObjC.m:144:9: error: no member named 'dataSize' in 'SMCVal_t'
  144 |     val.dataSize = 2;
      |     ~~~ ^
3 errors generated.
Failed frontend command:
/Applications/Xcode.app/Contents/Developer/Toolchains/XcodeDefault.xctoolchain/usr/bin/clang -cc1 -Wundef-prefix\=TARGET_OS_ -fdiagnostics-show-note-include-stack -fmacro-backtrace-limit\=0 -ferror-limit 19 -serialize-diagnostic-file /Users/johncrisantor/Library/Developer/Xcode/DerivedData/AirBender-cekjwgbyjhcnkbbmrqobjsjrqipl/Build/Intermediates.noindex/AirBender.build/Debug/com.airbender.helper.build/Objects-normal/arm64/SMCWrapperObjC.dia -Wdeprecated-objc-isa-usage -Werror\=deprecated-objc-isa-usage -Werror\=implicit-function-declaration -Wnon-modular-include-in-framework-module -Werror\=non-modular-include-in-framework-module -Wno-trigraphs -Wno-missing-field-initializers -Wno-missing-prototypes -Werror\=return-type -Wdocumentation -Wunreachable-code -Wquoted-include-in-framework-header -Wno-implicit-atomic-properties -Werror\=deprecated-objc-isa-usage -Wno-objc-interface-ivars -Werror\=objc-root-class -Wno-arc-repeated-use-of-weak -Wimplicit-retain-self -Wduplicate-method-match -Wno-missing-braces -Wparentheses -Wswitch -Wunused-function -Wno-unused-label -Wno-unused-parameter -Wunused-variable -Wunused-value -Wempty-body -Wuninitialized -Wconditional-uninitialized -Wno-unknown-pragmas -Wno-shadow -Wno-four-char-constants -Wno-conversion -Wconstant-conversion -Wint-conversion -Wbool-conversion -Wenum-conversion -Wno-float-conversion -Wnon-literal-null-conversion -Wobjc-literal-conversion -Wshorten-64-to-32 -Wpointer-sign -Wno-newline-eof -Wno-selector -Wno-strict-selector-match -Wundeclared-selector -Wdeprecated-implementations -Wno-implicit-fallthrough -Wprotocol -Wdeprecated-declarations -Wno-sign-conversion -Winfinite-recursion -Wcomma -Wblock-capture-autoreleasing -Wstrict-prototypes -Wno-semicolon-before-method-body -Wunguarded-availability -Wno-elaborated-enum-base -Wno-error\=allocator-wrappers -index-store-path /Users/johncrisantor/Library/Developer/Xcode/DerivedData/AirBender-cekjwgbyjhcnkbbmrqobjsjrqipl/Index.noindex/DataStore -index-unit-output-path /AirBender.build/Debug/com.airbender.helper.build/Objects-normal/arm64/SMCWrapperObjC.o -fmodule-map-file\=/Users/johncrisantor/Developer/airbender/com.airbender.helper/SMCClient/module.modulemap -fmodule-map-file\=/Users/johncrisantor/Developer/airbender/com.airbender.helper/SMCClient/module.modulemap -o /Users/johncrisantor/Library/Developer/Xcode/DerivedData/AirBender-cekjwgbyjhcnkbbmrqobjsjrqipl/Build/Intermediates.noindex/AirBender.build/Debug/com.airbender.helper.build/Objects-normal/arm64/SMCWrapperObjC.o -disable-free -emit-obj -x objective-c /Users/johncrisantor/Developer/airbender/com.airbender.helper/SMCClient/SMCWrapperObjC.m -target-abi darwinpcs -target-cpu apple-m1 -target-feature +v8.5a -target-feature +aes -target-feature +altnzcv -target-feature +ccdp -target-feature +ccpp -target-feature +complxnum -target-feature +crc -target-feature +dotprod -target-feature +flagm -target-feature +fp-armv8 -target-feature +fp16fml -target-feature +fptoint -target-feature +fullfp16 -target-feature +jsconv -target-feature +lse -target-feature +neon -target-feature +pauth -target-feature +perfmon -target-feature +predres -target-feature +ras -target-feature +rcpc -target-feature +rdm -target-feature +sb -target-feature +sha2 -target-feature +sha3 -target-feature +specrestrict -target-feature +ssbs -triple arm64-apple-macosx14.0.0 -target-linker-version 1267 -target-sdk-version\=26.5 -fmodules-validate-system-headers -fno-modulemap-allow-subdirectory-search -isysroot /Applications/Xcode.app/Contents/Developer/Platforms/MacOSX.platform/Developer/SDKs/MacOSX26.5.sdk -resource-dir /Applications/Xcode.app/Contents/Developer/Toolchains/XcodeDefault.xctoolchain/usr/lib/clang/21 -fmodule-format\=obj -fmodule-file\=SMCBridge\=/Users/johncrisantor/Library/Developer/Xcode/DerivedData/AirBender-cekjwgbyjhcnkbbmrqobjsjrqipl/Build/Intermediates.noindex/ExplicitPrecompiledModules/SMCBridge-COX0O64KZFYLLYCBNGPLWE3GZ.pcm -fmodule-file\=SMCWrapperObjC\=/Users/johncrisantor/Library/Developer/Xcode/DerivedData/AirBender-cekjwgbyjhcnkbbmrqobjsjrqipl/Build/Intermediates.noindex/ExplicitPrecompiledModules/SMCWrapperObjC-1Q6IMTFRCA2GYP0WFNQDAZWFO.pcm -I /Users/johncrisantor/Library/Developer/Xcode/DerivedData/AirBender-cekjwgbyjhcnkbbmrqobjsjrqipl/Build/Intermediates.noindex/AirBender.build/Debug/com.airbender.helper.build/com.airbender.helper-own-target-headers.hmap -I /Users/johncrisantor/Library/Developer/Xcode/DerivedData/AirBender-cekjwgbyjhcnkbbmrqobjsjrqipl/Build/Intermediates.noindex/AirBender.build/Debug/com.airbender.helper.build/com.airbender.helper-all-target-headers.hmap -I /Users/johncrisantor/Library/Developer/Xcode/DerivedData/AirBender-cekjwgbyjhcnkbbmrqobjsjrqipl/Build/Products/Debug/include -I /Users/johncrisantor/Developer/airbender/com.airbender.helper/SMCClient -I /Users/johncrisantor/Library/Developer/Xcode/DerivedData/AirBender-cekjwgbyjhcnkbbmrqobjsjrqipl/Build/Intermediates.noindex/AirBender.build/Debug/com.airbender.helper.build/DerivedSources-normal/arm64 -I /Users/johncrisantor/Library/Developer/Xcode/DerivedData/AirBender-cekjwgbyjhcnkbbmrqobjsjrqipl/Build/Intermediates.noindex/AirBender.build/Debug/com.airbender.helper.build/DerivedSources/arm64 -I /Users/johncrisantor/Library/Developer/Xcode/DerivedData/AirBender-cekjwgbyjhcnkbbmrqobjsjrqipl/Build/Intermediates.noindex/AirBender.build/Debug/com.airbender.helper.build/DerivedSources -F /Users/johncrisantor/Library/Developer/Xcode/DerivedData/AirBender-cekjwgbyjhcnkbbmrqobjsjrqipl/Build/Products/Debug -iquote /Users/johncrisantor/Library/Developer/Xcode/DerivedData/AirBender-cekjwgbyjhcnkbbmrqobjsjrqipl/Build/Intermediates.noindex/AirBender.build/Debug/com.airbender.helper.build/com.airbender.helper-generated-files.hmap -iquote /Users/johncrisantor/Library/Developer/Xcode/DerivedData/AirBender-cekjwgbyjhcnkbbmrqobjsjrqipl/Build/Intermediates.noindex/AirBender.build/Debug/com.airbender.helper.build/com.airbender.helper-project-headers.hmap -isystem /Applications/Xcode.app/Contents/Developer/Platforms/MacOSX.platform/Developer/SDKs/MacOSX26.5.sdk/usr/local/include -isystem /Applications/Xcode.app/Contents/Developer/Toolchains/XcodeDefault.xctoolchain/usr/lib/clang/21/include -internal-externc-isystem /Applications/Xcode.app/Contents/Developer/Platforms/MacOSX.platform/Developer/SDKs/MacOSX26.5.sdk/usr/include -internal-externc-isystem /Applications/Xcode.app/Contents/Developer/Toolchains/XcodeDefault.xctoolchain/usr/include -internal-iframework /Applications/Xcode.app/Contents/Developer/Platforms/MacOSX.platform/Developer/SDKs/MacOSX26.5.sdk/System/Library/Frameworks -internal-iframework /Applications/Xcode.app/Contents/Developer/Platforms/MacOSX.platform/Developer/SDKs/MacOSX26.5.sdk/System/Library/SubFrameworks -internal-iframework /Applications/Xcode.app/Contents/Developer/Platforms/MacOSX.platform/Developer/SDKs/MacOSX26.5.sdk/Library/Frameworks -ivfsstatcache /Users/johncrisantor/Library/Developer/Xcode/DerivedData/SDKStatCaches.noindex/macosx26.5-25F70-e082c4a02f00227109f4ed75e425c832.sdkstatcache -std\=gnu17 -fexceptions -fskip-odr-check-in-gmf -fmodules -fno-implicit-modules -fobjc-exceptions -fmax-type-align\=16 -fpascal-strings -fstack-check -fvisibility-inlines-hidden-static-local-var -mdarwin-stkchk-strong-link -fno-odr-hash-protocols -pic-level 2 -fencode-extended-block-signature -stack-protector 1 -fobjc-runtime\=macosx-14.0.0 -fobjc-arc -fobjc-runtime-has-weak -fobjc-weak -fgnuc-version\=4.2.1 -fblocks -fno-convergent-functions -ffp-contract\=on -fclang-abi-compat\=4.0 -fno-experimental-relative-c++-abi-vtables -fno-file-reproducible -clang-vendor-feature\=+disableNonDependentMemberExprInCurrentInstantiation -clang-vendor-feature\=+enableAggressiveVLAFolding -clang-vendor-feature\=+revert09abecef7bbf -clang-vendor-feature\=+thisNoAlignAttr -clang-vendor-feature\=+thisNoNullAttr -clang-vendor-feature\=+disableAtImportPrivateFrameworkInImplementationError -O0 -fno-assume-unique-vtables -fdebug-compilation-dir\=/Users/johncrisantor/Developer/airbender -fcoverage-compilation-dir\=/Users/johncrisantor/Developer/airbender -fdwarf2-cfi-asm -fobjc-msgsend-selector-stubs -fregister-global-dtors-with-atexit -fno-strict-return -dwarf-version\=4 -debugger-tuning\=lldb -disable-llvm-verifier -dwarf-ext-refs -funwind-tables\=1 -enable-tlsdesc -clear-ast-before-backend -discard-value-names -main-file-name SMCWrapperObjC.m -mframe-pointer\=non-leaf -debug-info-kind\=standalone -fno-loop-interchange -fdiagnostics-hotness-threshold\=0 -fdiagnostics-misexpect-tolerance\=0 -D DEBUG\=1 -D OBJC_OLD_DISPATCH_PROTOTYPES\=0 -fdefine-target-os-macros -MT dependencies -dependency-file /Users/johncrisantor/Library/Developer/Xcode/DerivedData/AirBender-cekjwgbyjhcnkbbmrqobjsjrqipl/Build/Intermediates.noindex/AirBender.build/Debug/com.airbender.helper.build/Objects-normal/arm64/SMCWrapperObjC.d -skip-unused-modulemap-deps

SwiftDriver AirBender normal arm64 com.apple.xcode.tools.swift.compiler (in target 'AirBender' from project 'AirBender')
    cd /Users/johncrisantor/Developer/airbender
    builtin-SwiftDriver -- /Applications/Xcode.app/Contents/Developer/Toolchains/XcodeDefault.xctoolchain/usr/bin/swiftc -module-name AirBender -Onone @/Users/johncrisantor/Library/Developer/Xcode/DerivedData/AirBender-cekjwgbyjhcnkbbmrqobjsjrqipl/Build/Intermediates.noindex/AirBender.build/Debug/AirBender.build/Objects-normal/arm64/AirBender.SwiftFileList -DDEBUG -enable-bare-slash-regex -enable-experimental-feature DebugDescriptionMacro -sdk /Applications/Xcode.app/Contents/Developer/Platforms/MacOSX.platform/Developer/SDKs/MacOSX26.5.sdk -target arm64-apple-macos14.0 -g -module-cache-path /Users/johncrisantor/Library/Developer/Xcode/DerivedData/ModuleCache.noindex -Xfrontend -serialize-debugging-options -enable-testing -index-store-path /Users/johncrisantor/Library/Developer/Xcode/DerivedData/AirBender-cekjwgbyjhcnkbbmrqobjsjrqipl/Index.noindex/DataStore -Xcc -D_LIBCPP_HARDENING_MODE\=_LIBCPP_HARDENING_MODE_DEBUG -swift-version 5 -I /Users/johncrisantor/Library/Developer/Xcode/DerivedData/AirBender-cekjwgbyjhcnkbbmrqobjsjrqipl/Build/Products/Debug -F /Users/johncrisantor/Library/Developer/Xcode/DerivedData/AirBender-cekjwgbyjhcnkbbmrqobjsjrqipl/Build/Products/Debug -emit-localized-strings -emit-localized-strings-path /Users/johncrisantor/Library/Developer/Xcode/DerivedData/AirBender-cekjwgbyjhcnkbbmrqobjsjrqipl/Build/Intermediates.noindex/AirBender.build/Debug/AirBender.build/Objects-normal/arm64 -c -j12 -enable-batch-mode -incremental -Xcc -ivfsstatcache -Xcc /Users/johncrisantor/Library/Developer/Xcode/DerivedData/SDKStatCaches.noindex/macosx26.5-25F70-e082c4a02f00227109f4ed75e425c832.sdkstatcache -output-file-map /Users/johncrisantor/Library/Developer/Xcode/DerivedData/AirBender-cekjwgbyjhcnkbbmrqobjsjrqipl/Build/Intermediates.noindex/AirBender.build/Debug/AirBender.build/Objects-normal/arm64/AirBender-OutputFileMap.json -use-frontend-parseable-output -save-temps -no-color-diagnostics -explicit-module-build -module-cache-path /Users/johncrisantor/Library/Developer/Xcode/DerivedData/AirBender-cekjwgbyjhcnkbbmrqobjsjrqipl/Build/Intermediates.noindex/SwiftExplicitPrecompiledModules -clang-scanner-module-cache-path /Users/johncrisantor/Library/Developer/Xcode/DerivedData/ModuleCache.noindex -sdk-module-cache-path /Users/johncrisantor/Library/Developer/Xcode/DerivedData/ModuleCache.noindex -serialize-diagnostics -emit-dependencies -emit-module -emit-module-path /Users/johncrisantor/Library/Developer/Xcode/DerivedData/AirBender-cekjwgbyjhcnkbbmrqobjsjrqipl/Build/Intermediates.noindex/AirBender.build/Debug/AirBender.build/Objects-normal/arm64/AirBender.swiftmodule -validate-clang-modules-once -clang-build-session-file /Users/johncrisantor/Library/Developer/Xcode/DerivedData/ModuleCache.noindex/Session.modulevalidation -Xcc -I/Users/johncrisantor/Library/Developer/Xcode/DerivedData/AirBender-cekjwgbyjhcnkbbmrqobjsjrqipl/Build/Intermediates.noindex/AirBender.build/Debug/AirBender.build/swift-overrides.hmap -emit-const-values -Xfrontend -const-gather-protocols-file -Xfrontend /Users/johncrisantor/Library/Developer/Xcode/DerivedData/AirBender-cekjwgbyjhcnkbbmrqobjsjrqipl/Build/Intermediates.noindex/AirBender.build/Debug/AirBender.build/Objects-normal/arm64/AirBender_const_extract_protocols.json -Xcc -iquote -Xcc /Users/johncrisantor/Library/Developer/Xcode/DerivedData/AirBender-cekjwgbyjhcnkbbmrqobjsjrqipl/Build/Intermediates.noindex/AirBender.build/Debug/AirBender.build/AirBender-generated-files.hmap -Xcc -I/Users/johncrisantor/Library/Developer/Xcode/DerivedData/AirBender-cekjwgbyjhcnkbbmrqobjsjrqipl/Build/Intermediates.noindex/AirBender.build/Debug/AirBender.build/AirBender-own-target-headers.hmap -Xcc -I/Users/johncrisantor/Library/Developer/Xcode/DerivedData/AirBender-cekjwgbyjhcnkbbmrqobjsjrqipl/Build/Intermediates.noindex/AirBender.build/Debug/AirBender.build/AirBender-all-target-headers.hmap -Xcc -iquote -Xcc /Users/johncrisantor/Library/Developer/Xcode/DerivedData/AirBender-cekjwgbyjhcnkbbmrqobjsjrqipl/Build/Intermediates.noindex/AirBender.build/Debug/AirBender.build/AirBender-project-headers.hmap -Xcc -I/Users/johncrisantor/Library/Developer/Xcode/DerivedData/AirBender-cekjwgbyjhcnkbbmrqobjsjrqipl/Build/Products/Debug/include -Xcc -I/Users/johncrisantor/Library/Developer/Xcode/DerivedData/AirBender-cekjwgbyjhcnkbbmrqobjsjrqipl/Build/Intermediates.noindex/AirBender.build/Debug/AirBender.build/DerivedSources-normal/arm64 -Xcc -I/Users/johncrisantor/Library/Developer/Xcode/DerivedData/AirBender-cekjwgbyjhcnkbbmrqobjsjrqipl/Build/Intermediates.noindex/AirBender.build/Debug/AirBender.build/DerivedSources/arm64 -Xcc -I/Users/johncrisantor/Library/Developer/Xcode/DerivedData/AirBender-cekjwgbyjhcnkbbmrqobjsjrqipl/Build/Intermediates.noindex/AirBender.build/Debug/AirBender.build/DerivedSources -Xcc -DDEBUG\=1 -emit-objc-header -emit-objc-header-path /Users/johncrisantor/Library/Developer/Xcode/DerivedData/AirBender-cekjwgbyjhcnkbbmrqobjsjrqipl/Build/Intermediates.noindex/AirBender.build/Debug/AirBender.build/Objects-normal/arm64/AirBender-Swift.h -working-directory /Users/johncrisantor/Developer/airbender -experimental-emit-module-separately -disable-cmo

** BUILD FAILED **


The following build commands failed:
	CompileC /Users/johncrisantor/Library/Developer/Xcode/DerivedData/AirBender-cekjwgbyjhcnkbbmrqobjsjrqipl/Build/Intermediates.noindex/AirBender.build/Debug/com.airbender.helper.build/Objects-normal/arm64/SMCWrapperObjC.o /Users/johncrisantor/Developer/airbender/com.airbender.helper/SMCClient/SMCWrapperObjC.m normal arm64 objective-c com.apple.compilers.llvm.clang.1_0.compiler (in target 'com.airbender.helper' from project 'AirBender')
	Building project AirBender with scheme AirBender
(2 failures)
